// Jest Snapshot v1, https://goo.gl/fbAQLP

exports[`Icon Should render correctly 1`] = `
<View
  disabled={true}
  name=""
  size={38}
/>
`;

exports[`Should render correctly 1`] = `
<View
  disabled={true}
  name=""
  size={38}
/>
`;
